Connected to DB
Testing booking for user: admin@gmail.com
Creating trip...
Trip created: new ObjectId('69a1da31b7539fd91d105ce2')
node : Γ¥î TEST 
FAILED: Error: 
accountSid must start 
with AC
At line:1 char:1
+ node 
test_booking_full.js > 
test_output.txt 2>&1
+ ~~~~~~~~~~~~~~~~~~~~~
~~~~~~~~~~~~~~~~~~~~~~~
~~~~
    + CategoryInfo     
         : NotSpecifi  
  ed: (Γ¥î TEST FAIL   
 ED...t start with     
AC:String) [], Rem    
oteException
    + FullyQualifiedEr 
   rorId : NativeComm  
  andError
 
    at 
Twilio.setAccountSid (D
:\React\backend\node_mo
dules\twilio\lib\base\B
aseTwilio.js:83:23)
    at new Client (D:\R
eact\backend\node_modul
es\twilio\lib\base\Base
Twilio.js:45:18)
    at new Twilio (D:\R
eact\backend\node_modul
es\twilio\lib\rest\Twil
io.js:33:9)
    at TwilioSDK (D:\Re
act\backend\node_module
s\twilio\lib\index.js:5
5:12)
    at test (D:\React\b
ackend\test_booking_ful
l.js:49:30)
    at process.processT
icksAndRejections (node
:internal/process/task_
queues:103:5)
